
 GET /books 22-02-2026_10:46:22
 GET /contacts 22-02-2026_10:46:31
 GET / 22-02-2026_10:46:37
 GET /books 22-02-2026_10:46:41
 GET /products 22-02-2026_10:46:56
 GET / 22-02-2026_11:29:59
 GET / 22-02-2026_11:31:56
 GET / 22-02-2026_11:32:12
 GET /cao 22-02-2026_11:32:35
 GET / 22-02-2026_11:32:48
 GET / 22-02-2026_11:33:13
 GET /users/1 22-02-2026_11:39:54
 GET /books 22-02-2026_11:41:59
 GET /books 22-02-2026_11:43:53
 GET /books 22-02-2026_11:44:05
 GET /books 22-02-2026_11:49:41
 GET / 22-02-2026_11:50:09
 GET /books 23-02-2026_12:09:24
 GET /api/books 23-02-2026_12:09:38
 GET /api/books 23-02-2026_12:10:12
 GET /api/books 23-02-2026_12:20:33
 POST /api/books 23-02-2026_12:20:45
 GET /api/books 23-02-2026_12:20:57
 DELETE /api/books 23-02-2026_12:28:03
 DELETE /api/books/1 23-02-2026_12:28:20
 DELETE /api/books/1 23-02-2026_12:28:22
 DELETE /api/books/1 23-02-2026_12:28:23
 GET /api/books 23-02-2026_12:28:30